Open Watcom Linker Version 2.0 beta Jul 30 2020 00:30:17 (64-bit)
Copyright (c) 2002-2020 The Open Watcom Contributors. All Rights Reserved.
Portions Copyright (c) 1985-2002 Sybase, Inc. All Rights Reserved.
Created on:       20/09/14 15:57:34
Warning! W1027: file GFX_TRIANGLE.obj(C:\Dev\C\DOSENG\GFX_TRIANGLE.C): redefinition of _SinTable ignored
Warning! W1027: file GFX_TRIANGLE.obj(C:\Dev\C\DOSENG\GFX_TRIANGLE.C): redefinition of _CosTable ignored
Warning! W1027: file GFX_TRIANGLE.obj(C:\Dev\C\DOSENG\GFX_TRIANGLE.C): redefinition of _SinAcosTable ignored
Warning! W1027: file GFX_TRIANGLE.obj(C:\Dev\C\DOSENG\GFX_TRIANGLE.C): redefinition of _SinCosTable ignored
Warning! W1027: file GFX_TRIANGLE.obj(C:\Dev\C\DOSENG\GFX_TRIANGLE.C): redefinition of _drawTarget ignored
Warning! W1027: file GFX_TRIANGLE.obj(C:\Dev\C\DOSENG\GFX_TRIANGLE.C): redefinition of _offScreen ignored
Warning! W1027: file GFX_TRIANGLE.obj(C:\Dev\C\DOSENG\GFX_TRIANGLE.C): redefinition of _screen ignored
Warning! W1027: file MAIN.obj(C:\Dev\C\DOSENG\MAIN.C): redefinition of _SinTable ignored
Warning! W1027: file MAIN.obj(C:\Dev\C\DOSENG\MAIN.C): redefinition of _CosTable ignored
Warning! W1027: file MAIN.obj(C:\Dev\C\DOSENG\MAIN.C): redefinition of _SinAcosTable ignored
Warning! W1027: file MAIN.obj(C:\Dev\C\DOSENG\MAIN.C): redefinition of _SinCosTable ignored
Warning! W1027: file MAIN.obj(C:\Dev\C\DOSENG\MAIN.C): redefinition of _drawTarget ignored
Warning! W1027: file MAIN.obj(C:\Dev\C\DOSENG\MAIN.C): redefinition of _offScreen ignored
Warning! W1027: file MAIN.obj(C:\Dev\C\DOSENG\MAIN.C): redefinition of _screen ignored
Warning! W1027: file MATH.obj(C:\Dev\C\DOSENG\MATH.C): redefinition of _SinTable ignored
Warning! W1027: file MATH.obj(C:\Dev\C\DOSENG\MATH.C): redefinition of _CosTable ignored
Warning! W1027: file MATH.obj(C:\Dev\C\DOSENG\MATH.C): redefinition of _SinAcosTable ignored
Warning! W1027: file MATH.obj(C:\Dev\C\DOSENG\MATH.C): redefinition of _SinCosTable ignored
Warning! W1027: file VIDEO.obj(C:\Dev\C\DOSENG\VIDEO.C): redefinition of _drawTarget ignored
Warning! W1027: file VIDEO.obj(C:\Dev\C\DOSENG\VIDEO.C): redefinition of _offScreen ignored
Warning! W1027: file VIDEO.obj(C:\Dev\C\DOSENG\VIDEO.C): redefinition of _screen ignored
Executable Image: DOSENG.exe
creating a DOS executable


                        +------------+
                        |   Groups   |
                        +------------+

Group                           Address              Size
=====                           =======              ====

DGROUP                          0b7f:0000            000083e0



                        +--------------+
                        |   Segments   |
                        +--------------+

Segment                Class          Group          Address         Size
=======                =====          =====          =======         ====

GFX_BASIC_TEXT         CODE           AUTO           0000:0000       00000dcc
GFX_TRIANGLE_TEXT      CODE           AUTO           0000:0dcc       00000377
MAIN_TEXT              CODE           AUTO           0000:1143       0000019a
MATH_TEXT              CODE           AUTO           0000:12dd       000002fa
TEXT_TEXT              CODE           AUTO           0000:15d7       00000114
VIDEO_TEXT             CODE           AUTO           0000:16eb       00000142
_TEXT                  CODE           AUTO           0000:1830       00009fb4
FAR_DATA               FAR_DATA       AUTO           0b7e:0004       00000000
_NULL                  BEGDATA        DGROUP         0b7f:0000       00000020
_AFTERNULL             BEGDATA        DGROUP         0b81:0000       00000002
CONST                  DATA           DGROUP         0b81:0002       0000027c
CONST2                 DATA           DGROUP         0ba8:000e       0000015c
_DATA                  DATA           DGROUP         0bbe:000a       00000434
XIB                    DATA           DGROUP         0c01:000e       00000000
XI                     DATA           DGROUP         0c01:000e       0000003c
XIE                    DATA           DGROUP         0c05:000a       00000000
YIB                    DATA           DGROUP         0c05:000a       00000000
YI                     DATA           DGROUP         0c05:000a       00000012
YIE                    DATA           DGROUP         0c06:000c       00000000
STRINGS                DATA           DGROUP         0c06:000c       00000000
DATA                   DATA           DGROUP         0c06:000c       00000000
_emu_init_start        EMU            DGROUP         0c06:000c       00000000
_emu_init_end          EMU            DGROUP         0c06:000c       00000000
_BSS                   BSS            DGROUP         0c06:000c       0000735e
STACK                  STACK          DGROUP         133d:0000       00000800


                        +----------------+
                        |   Memory Map   |
                        +----------------+

* = unreferenced symbol
+ = symbol only referenced locally

Address        Symbol
=======        ======

Module: GFX_BASIC.obj(C:\Dev\C\DOSENG\GFX_BASIC.C)
0000:0000      setPixel_
0000:0074+     setPixelsHorizontally_
0000:0119+     setPixelsVertically_
0000:01c7+     setPixelsDiagonally_
0000:0277      setPixelsSlope_
0000:04a2+     drawFill_
0000:04db+     drawBoxFill_
0000:0527      drawBoxFillCenter_
0000:059a+     drawBoxFrame_
0000:0609      drawBoxFrameCenter_
0000:067c      drawCircleFrame_
0000:0854      drawCircleFill_
0000:09f5      drawCircleThick_
0b7f:03fa      _SinTable
0b7f:03fe      _CosTable
0b7f:087c      _SinAcosTable
0b7f:107c      _SinCosTable
0b7f:247c      _drawTarget
0b7f:2480      _offScreen
0b7f:2484      _screen
Module: GFX_TRIANGLE.obj(C:\Dev\C\DOSENG\GFX_TRIANGLE.C)
0000:0dcc+     orient2D_
0000:0e35      drawTriangle_
Module: MAIN.obj(C:\Dev\C\DOSENG\MAIN.C)
0000:1143      main_
Module: MATH.obj(C:\Dev\C\DOSENG\MATH.C)
0000:12dd      initTrigTables_
0000:13e1+     sinAngle_
0000:14dc+     cosAngle_
Module: TEXT.obj(C:\Dev\C\DOSENG\TEXT.C)
0000:15d7+     setTextPosition_
0000:1617      setTextColor_
0000:1655      putText_
0000:16a7      resetText_
Module: VIDEO.obj(C:\Dev\C\DOSENG\VIDEO.C)
0000:16eb      setVideo_
0000:1731      initVideo_
0000:17d1      updateBuffer_
Module: C:\Dev\WATCOM\lib286\dos\clibl.lib(stk086.asm)
0000:1835      __STK
0000:1855*     __STKOVERFLOW_
Module: C:\Dev\WATCOM\lib286\dos\clibl.lib(fmemset.c)
0000:1872      _fmemset_
Module: C:\Dev\WATCOM\lib286\dos\clibl.lib(abs.c)
0000:1889      abs_
Module: C:\Dev\WATCOM\lib286\dos\emu87.lib(initemu.asm)
0000:8000      FJSRQQ
0000:0632      FISRQQ
0000:1632*     FIERQQ
0000:5c32      FIDRQQ
0000:a23d      FIWRQQ
0000:c000      FJCRQQ
0000:4000*     FJARQQ
0000:0e32      FICRQQ
0000:fe32*     FIARQQ
0000:18ca      __init_87_emulator
0000:195d*     __fini_87_emulator
Module: C:\Dev\WATCOM\lib286\math87l.lib(fchop87.asm)
0000:19d4      __CHP
Module: C:\Dev\WATCOM\lib286\dos\clibl.lib(i8m086.asm)
0000:1a17      __I8M
0000:1a17*     __U8M
0000:19fc*     __I8ME
0000:19fc*     __U8ME
Module: C:\Dev\WATCOM\lib286\dos\clibl.lib(i8rs086.asm)
0000:1b62      __I8RS
Module: C:\Dev\WATCOM\lib286\dos\clibl.lib(cmodel.asm)
0000:1b72      _big_code_
0000:1b72*     CodeModelMismatch
Module: C:\Dev\WATCOM\lib286\dos\clibl.lib(_8087086.asm)
0b7f:0444      __8087
0b7f:0445      __real87
0b7f:0446      __dos87emucall
0b7f:0448      __dos87real
Module: C:\Dev\WATCOM\lib286\dos\clibl.lib(getch.c)
0000:1b72      getch_
Module: C:\Dev\WATCOM\lib286\dos\clibl.lib(cstart)
0b7f:0000*     __nullarea
0b7f:044a*     __ovlflag
0b7f:044b*     __intno
0b7f:044c*     __ovlvec
0000:1b8c      _cstart_
0000:1d3d      __exit_
0000:1d5a      __do_exit_with_msg_
0000:1e39      __GETDS
Module: C:\Dev\WATCOM\lib286\math87l.lib(trig87.asm)
0000:1f79      sin_
0000:1f6a*     cos_
0000:203c*     tan_
0000:1e72*     IF@COS
0000:1e72*     IF@DCOS
0000:1e8b*     IF@SIN
0000:1e8b*     IF@DSIN
0000:1f88*     IF@TAN
0000:1f88*     IF@DTAN
Module: C:\Dev\WATCOM\lib286\math87l.lib(sqrt87.asm)
0000:204c      sqrt_
0000:208a*     IF@SQRT
0000:208a*     IF@DSQRT
0000:208c*     __@DSQRT
Module: C:\Dev\WATCOM\lib286\dos\clibl.lib(i8d086.asm)
0000:23cd*     __U8DQ
0000:23e3*     __U8DR
0000:23f9      __I8DQ
0000:2415*     __I8DR
0000:242b*     __U8DQE
0000:2441*     __U8DRE
0000:2457*     __I8DQE
0000:246d*     __I8DRE
Module: C:\Dev\WATCOM\lib286\dos\clibl.lib(fltused.c)
0b7f:0450      _fltused_
Module: C:\Dev\WATCOM\lib286\dos\clibl.lib(printf.c)
0000:2483      printf_
Module: C:\Dev\WATCOM\lib286\dos\clibl.lib(system.c)
0000:24b2      system_
Module: C:\Dev\WATCOM\lib286\dos\clibl.lib(intx086.c)
0000:252d+     int86x_
0000:25ce      int86_
Module: C:\Dev\WATCOM\lib286\dos\clibl.lib(fmalloc.c)
0000:25fb      _fmalloc_
0000:25fb      malloc_
0b7f:0452+     ___fheapbeg
0b7f:0454      ___fheapRover
0b7f:0456      ___LargestSizeB4Rover
Module: C:\Dev\WATCOM\lib286\dos\clibl.lib(inp.c)
0000:270b      inp_
Module: C:\Dev\WATCOM\lib286\dos\clibl.lib(fmemcpy.c)
0000:2713      _fmemcpy_
Module: C:\Dev\WATCOM\lib286\dos\clibl.lib(xmsg.c)
0000:2738*     __exit_with_msg_
0000:273d      __fatal_runtime_error_
Module: C:\Dev\WATCOM\lib286\dos\clibl.lib(crwdata)
0b7f:0458      __curbrk
0b7f:0460      __STACKLOW
0b7f:0462      __STACKTOP
0b7f:0464      __cbyte
0b7f:0466      __child
0b7f:0468      __no87
0b7f:0475      ___FPE_handler
0b7f:045a      __psp
0b7f:0469      __get_ovl_stack
0b7f:046d      __restore_ovl_stack
0b7f:0471      __close_ovl_file
0b7f:0479      __LpCmdLine
0b7f:047d      __LpPgmName
0b7f:045c      __osmajor
0b7f:045d      __osminor
0b7f:045e      __osmode
0b7f:045f      __HShift
Module: C:\Dev\WATCOM\lib286\dos\clibl.lib(ini87086.asm)
0000:2758      __init_8087_emu
0000:275e      __x87id
Module: C:\Dev\WATCOM\lib286\dos\emu87.lib(emu8087.asm)
0000:28d1      __int34
0000:290e      __int3c
Module: C:\Dev\WATCOM\lib286\dos\emu87.lib(dosinit.asm)
0000:5234      ___dos87emucall
Module: C:\Dev\WATCOM\lib286\dos\clibl.lib(chk8087.c)
0000:528c*     _fpreset_
0000:52b7      __init_8087_
0000:5336      __chk8087_
Module: C:\Dev\WATCOM\lib286\dos\clibl.lib(cmain086.c)
0000:53a6      __CMain
Module: C:\Dev\WATCOM\lib286\dos\clibl.lib(initrtns.c)
0000:53f8      __InitRtns
0000:53f8*     __FInitRtns
0000:544f      __FiniRtns
0000:544f*     __FFiniRtns
Module: C:\Dev\WATCOM\lib286\dos\clibl.lib(uselfn.c)
0b7f:050a      ___uselfn
Module: C:\Dev\WATCOM\lib286\dos\clibl.lib(dosseg)
0000:54b0      __DOSseg__
Module: C:\Dev\WATCOM\lib286\dos\clibl.lib(chipvar)
0b7f:050c      ___chipbug
0b7f:050c      __chipbug
Module: C:\Dev\WATCOM\lib286\dos\clibl.lib(chipt16.asm)
0000:54cc      __fptan_chk
Module: C:\Dev\WATCOM\lib286\math87l.lib(math87e.c)
0000:556d      __math87_err_
Module: C:\Dev\WATCOM\lib286\dos\clibl.lib(setefg.c)
0000:55fd      __setEFGfmt_
Module: C:\Dev\WATCOM\lib286\dos\clibl.lib(iob.c)
0b7f:0510      ___iob
0b7f:78ac      ___OpenStreams
0b7f:78b0      ___ClosedStreams
Module: C:\Dev\WATCOM\lib286\dos\clibl.lib(fprtf.c)
0000:5637      __fprtf_
Module: C:\Dev\WATCOM\lib286\dos\clibl.lib(getenv.c)
0000:5702      getenv_
Module: C:\Dev\WATCOM\lib286\dos\clibl.lib(_slashc.c)
0000:57d1      __Slash_C_
Module: C:\Dev\WATCOM\lib286\dos\clibl.lib(splp.c)
0000:57f4      spawnlp_
Module: C:\Dev\WATCOM\lib286\dos\clibl.lib(dointr)
0000:5812      _DoINTR_
Module: C:\Dev\WATCOM\lib286\dos\clibl.lib(segread.c)
0000:5b87      segread_
Module: C:\Dev\WATCOM\lib286\dos\clibl.lib(mem.c)
0000:5bb0      __MemAllocator
0000:5c76      __MemFree
Module: C:\Dev\WATCOM\lib286\dos\clibl.lib(growseg.c)
0000:5ded      __GrowSeg_
Module: C:\Dev\WATCOM\lib286\dos\clibl.lib(allocseg.c)
0000:5ebc      __AllocSeg_
Module: C:\Dev\WATCOM\lib286\dos\clibl.lib(fmemneed.c)
0000:5f5b      __fmemneed_
Module: C:\Dev\WATCOM\lib286\dos\clibl.lib(nmalloc.c)
0000:5f5e      _nmalloc_
0b7f:0678      ___nheapbeg
0b7f:067a      ___MiniHeapRover
0b7f:067c      ___LargestSizeB4MiniHeapRover
Module: C:\Dev\WATCOM\lib286\dos\clibl.lib(heapgrow.c)
0000:6035*     _heapgrow_
0000:6035*     _fheapgrow_
0000:6036      _nheapgrow_
Module: C:\Dev\WATCOM\lib286\dos\clibl.lib(enterdb.c)
0000:60ad      __EnterWVIDEO_
0b7f:067e+     ___WD_Present
Module: C:\Dev\WATCOM\lib286\dos\clibl.lib(8087cw.c)
0b7f:0680      __8087cw
Module: C:\Dev\WATCOM\lib286\dos\clibl.lib(fpexcept.c)
0000:60d1      __FPE_exception_
Module: C:\Dev\WATCOM\lib286\dos\clibl.lib(save8087.c)
0b7f:0682      ___Save8087
0b7f:0686      ___Rest8087
Module: C:\Dev\WATCOM\lib286\dos\clibl.lib(grabfp87.c)
0000:60de      __GrabFP87_
Module: C:\Dev\WATCOM\lib286\dos\clibl.lib(___argc.c)
0b7f:78b4      ____Argv
0b7f:78b8      ____Argc
Module: C:\Dev\WATCOM\lib286\dos\clibl.lib(exit.c)
0000:6110+     __null_int23_exit_
0000:6111      exit_
0000:6129*     _exit_
0b7f:068a+     ___int23_exit
0b7f:068e      ___FPE_handler_exit
Module: C:\Dev\WATCOM\lib286\dos\clibl.lib(sgdef086)
0b7f:082e      __Start_XI
0b7f:086a      __End_XI
0b7f:086a      __Start_YI
0b7f:087c      __End_YI
Module: C:\Dev\WATCOM\lib286\dos\clibl.lib(chipbug.c)
0000:614c      __verify_pentium_fdiv_bug_
Module: C:\Dev\WATCOM\lib286\math87l.lib(math2err.c)
0000:61b9      __math1err_
0000:61c6+     __math2err_
Module: C:\Dev\WATCOM\lib286\dos\clibl.lib(noefgfmt.c)
0b7f:0692      ___EFG_printf
0b7f:0696      ___EFG_scanf
Module: C:\Dev\WATCOM\lib286\math87l.lib(efgfmt.c)
0000:6327      _EFG_Format_
Module: C:\Dev\WATCOM\lib286\math87l.lib(cnvs2d.c)
0000:64bd      __cnvs2d_
Module: C:\Dev\WATCOM\lib286\dos\clibl.lib(initfile.c)
0000:64dc      __InitFiles_
Module: C:\Dev\WATCOM\lib286\dos\clibl.lib(ioexit.c)
0000:6637*     fcloseall_
0000:663e      __full_io_exit_
Module: C:\Dev\WATCOM\lib286\dos\clibl.lib(fputc.c)
0000:6648      fputc_
Module: C:\Dev\WATCOM\lib286\dos\clibl.lib(ioalloc.c)
0000:671d      __ioalloc_
Module: C:\Dev\WATCOM\lib286\dos\clibl.lib(prtf.c)
0000:7308      __prtf_
Module: C:\Dev\WATCOM\lib286\dos\clibl.lib(flush.c)
0000:7591      __flush_
Module: C:\Dev\WATCOM\lib286\dos\clibl.lib(environ.c)
0b7f:78ba      ___env_mask
0b7f:78be*     __wenviron
0b7f:78c2      _environ
Module: C:\Dev\WATCOM\lib286\dos\clibl.lib(mbterm.c)
0000:76c9      _mbterm_
Module: C:\Dev\WATCOM\lib286\dos\clibl.lib(mbsnextc.c)
0000:770b      _mbsnextc_
Module: C:\Dev\WATCOM\lib286\dos\clibl.lib(mbcupper.c)
0000:773c      _mbctoupper_
Module: C:\Dev\WATCOM\lib286\dos\clibl.lib(mbsinc.c)
0000:775f      _mbsinc_
Module: C:\Dev\WATCOM\lib286\dos\clibl.lib(spvp.c)
0000:779b      spawnvp_
Module: C:\Dev\WATCOM\lib286\dos\clibl.lib(heapen.c)
0000:77bc*     _heapenable_
0b7f:069a      ___heap_enabled
Module: C:\Dev\WATCOM\lib286\dos\clibl.lib(amblksiz.c)
0b7f:069c      __amblksiz
Module: C:\Dev\WATCOM\lib286\dos\clibl.lib(nmemneed.c)
0000:77cd      __nmemneed_
Module: C:\Dev\WATCOM\lib286\dos\clibl.lib(grownear.c)
0000:784f      __LastFree_
0000:78c7      __ExpandDGROUP_
Module: C:\Dev\WATCOM\lib286\dos\clibl.lib(nfree.c)
0000:79cc      _nfree_
0b7f:78c6+     ___MiniHeapFreeRover
Module: C:\Dev\WATCOM\lib286\dos\clibl.lib(fpe87.asm)
0000:7ace      __Init_FPE_handler_
0000:7b07      __Fini_FPE_handler_
0000:7b3e*     __FPEHandler
Module: C:\Dev\WATCOM\lib286\math87l.lib(_matherr.c)
0000:7dd0*     _set_matherr_
0000:7ddf+     __rterrmsg_
0000:7e45      __rtmathfuncname_
0000:7e5b*     _matherr_
0000:7ec4+     __reporterrorsimple_
0000:7f3c      __reporterror_
Module: C:\Dev\WATCOM\lib286\dos\clibl.lib(hugeval.c)
0b7f:02ba      __HugeValue
Module: C:\Dev\WATCOM\lib286\dos\clibl.lib(rtcntrl.c)
0000:7fd6*     _SetLD64bit_
0000:7fe1*     _SetLD80bit_
0000:7fec      _LDisDouble_
Module: C:\Dev\WATCOM\lib286\math87l.lib(ldcvt.c)
0000:8118      _LDScale10x_
0000:867b+     __cvtld_
0000:8bb1      __LDcvt_
Module: C:\Dev\WATCOM\lib286\math87l.lib(strtod.c)
0000:9169+     __Strtold_
0000:931b      strtod_
Module: C:\Dev\WATCOM\lib286\dos\clibl.lib(fclose.c)
0000:94bd+     __doclose_
0000:9581      __shutdown_stream_
0000:959b*     fclose_
0b7f:7acc+     ___RmTmpFileFn
Module: C:\Dev\WATCOM\lib286\dos\clibl.lib(freefp.c)
0000:95e6      __freefp_
0000:965b      __purgefp_
Module: C:\Dev\WATCOM\lib286\dos\clibl.lib(errno.c)
0000:9697      __get_errno_ptr_
0b7f:7ad0+     _errno
Module: C:\Dev\WATCOM\lib286\dos\clibl.lib(chktty.c)
0000:969e      __chktty_
Module: C:\Dev\WATCOM\lib286\dos\clibl.lib(wctomb.c)
0000:96c9      wctomb_
Module: C:\Dev\WATCOM\lib286\dos\clibl.lib(itoa.c)
0000:96f2+     utoa_
0000:974f      itoa_
Module: C:\Dev\WATCOM\lib286\dos\clibl.lib(i4m.asm)
0000:9774      __I4M
0000:9774      __U4M
Module: C:\Dev\WATCOM\lib286\dos\clibl.lib(strupr.c)
0000:978c      strupr_
Module: C:\Dev\WATCOM\lib286\dos\clibl.lib(mbisdbcs.c)
0b7f:07a6      ___IsDBCS
Module: C:\Dev\WATCOM\lib286\dos\clibl.lib(mbislead.c)
0000:97ae*     _ismbblead_
0b7f:7ad2      ___MBCSIsTable
Module: C:\Dev\WATCOM\lib286\dos\clibl.lib(lltoa.c)
0000:97ca      ulltoa_
0000:98ae*     lltoa_
Module: C:\Dev\WATCOM\lib286\dos\clibl.lib(ltoa.c)
0000:9910      ultoa_
0000:997f*     ltoa_
Module: C:\Dev\WATCOM\lib286\dos\clibl.lib(__lseek.c)
0000:99ae      __lseek_
Module: C:\Dev\WATCOM\lib286\dos\clibl.lib(qwrit.c)
0000:99e8      __qwrite_
Module: C:\Dev\WATCOM\lib286\dos\clibl.lib(fsync.c)
0000:9a4a      fsync_
Module: C:\Dev\WATCOM\lib286\dos\clibl.lib(setenvp.c)
0000:9a6d      __setenvp_
0000:9b70      __freeenvp_
Module: C:\Dev\WATCOM\lib286\dos\clibl.lib(mbinit.c)
0000:9c33      __mbinit_
0b7f:07a8      ___MBCodePage
Module: C:\Dev\WATCOM\lib286\dos\clibl.lib(mbdtoupp.c)
0000:9ca8      _mbdtoupper_
Module: C:\Dev\WATCOM\lib286\dos\clibl.lib(toupper.c)
0000:9cb6      toupper_
Module: C:\Dev\WATCOM\lib286\dos\clibl.lib(spvpe.c)
0000:9cc4      spawnvpe_
Module: C:\Dev\WATCOM\lib286\dos\clibl.lib(sbrk.c)
0000:9e4b      __brk_
0000:9eb0*     sbrk_
Module: C:\Dev\WATCOM\lib286\dos\clibl.lib(fpeint.c)
0b7f:07aa      ___FPE_int
Module: C:\Dev\WATCOM\lib286\math87l.lib(matherr.c)
0000:9ecb      matherr_
Module: C:\Dev\WATCOM\lib286\dos\clibl.lib(iobaddr.c)
0000:9ece      __get_std_stream_
0000:9ece*     __get_std_file_
Module: C:\Dev\WATCOM\lib286\dos\clibl.lib(fputs.c)
0000:9eec      fputs_
Module: C:\Dev\WATCOM\lib286\dos\clibl.lib(seterrno.c)
0000:9f8b      __set_EDOM_
0000:9f9d      __set_ERANGE_
0000:9faf*     __set_EINVAL_
Module: C:\Dev\WATCOM\lib286\math87l.lib(mathint.c)
0b7f:07ac*     _signgam
0b7f:07ae      ___math_errhandling_flag
Module: C:\Dev\WATCOM\lib286\dos\clibl.lib(fenv.c)
0000:9fc4*     feclearexcept_
0000:9fed+     fegetexceptflag_
0000:a014      feraiseexcept_
0000:a03b*     feenableexcept_
0000:a062*     fedisableexcept_
0000:a087*     fesetexceptflag_
0000:a0b8*     fetestexcept_
0000:a0d4*     fegetround_
0000:a0f1*     fesetround_
0000:a133*     fegetenv_
0000:a13f*     feholdexcept_
0000:a16b*     fesetenv_
0000:a175*     feupdateenv_
0b7f:02c2*     ___fenv_h_default_environment
Module: C:\Dev\WATCOM\lib286\math87l.lib(ldclass.c)
0000:a19b      __LDClass_
0000:a1e9*     _FLClass_
Module: C:\Dev\WATCOM\lib286\dos\clibl.lib(i4d.asm)
0000:a1fe      __I4D
0000:a24d*     __U4D
Module: C:\Dev\WATCOM\lib286\dos\clibl.lib(istable.c)
0b7f:02d0      __IsTable
Module: C:\Dev\WATCOM\lib286\dos\clibl.lib(tolower.c)
0000:a2d1      tolower_
Module: C:\Dev\WATCOM\lib286\math87l.lib(bufld086.asm)
0000:a2e0      __ZBuf2LD
Module: C:\Dev\WATCOM\lib286\math87l.lib(inf_nan.c)
0b7f:03d2*     ___f_infinity
0b7f:03d6*     ___f_posqnan
0b7f:03da      ___d_infinity
0b7f:03e2      ___d_posqnan
0b7f:03ea*     ___ld_infinity
0b7f:03f2*     ___ld_posqnan
Module: C:\Dev\WATCOM\lib286\dos\clibl.lib(_clse.c)
0000:a3a8      __close_
Module: C:\Dev\WATCOM\lib286\dos\clibl.lib(ffree.c)
0000:a3e0*     _ffree_
0000:a3e0      free_
Module: C:\Dev\WATCOM\lib286\dos\clibl.lib(isatt.c)
0000:a428      isatty_
Module: C:\Dev\WATCOM\lib286\dos\clibl.lib(alphabet.c)
0000:a444      ___Alphabet
Module: C:\Dev\WATCOM\lib286\dos\clibl.lib(dosret.c)
0000:a469      __dosretax
0000:a46e*     __dosret0
0000:a475      __set_errno_dos_
0000:a501*     __set_errno_dos_reterr_
Module: C:\Dev\WATCOM\lib286\dos\clibl.lib(iomode.c)
0000:a50c      __GetIOMode_
0000:a531      __SetIOMode_nogrow_
0b7f:07c4+     ___NFiles
0b7f:07c6+     ___init_mode
0b7f:07ee+     ___io_mode
Module: C:\Dev\WATCOM\lib286\dos\clibl.lib(filedos.c)
0000:a554*     _dos_close_
0000:a562      _dos_commit_
Module: C:\Dev\WATCOM\lib286\dos\clibl.lib(clearenv.c)
0000:a571      clearenv_
Module: C:\Dev\WATCOM\lib286\dos\clibl.lib(getltdos.c)
0000:a653      dos_get_dbcs_lead_table_
Module: C:\Dev\WATCOM\lib286\dos\clibl.lib(getcpdos.c)
0000:a67c      dos_get_code_page_
Module: C:\Dev\WATCOM\lib286\dos\clibl.lib(spve.c)
0000:a6ec      spawnve_
Module: C:\Dev\WATCOM\lib286\dos\clibl.lib(strlen.c)
0000:ab96      strlen_
Module: C:\Dev\WATCOM\lib286\dos\clibl.lib(strchr.c)
0000:abab      strchr_
Module: C:\Dev\WATCOM\lib286\dos\clibl.lib(doserrno.c)
0000:abca      __get_doserrno_ptr_
0b7f:7bd8+     __doserrno
Module: C:\Dev\WATCOM\lib286\dos\clibl.lib(memcpy.c)
0000:abd1      memcpy_
Module: C:\Dev\WATCOM\lib286\dos\clibl.lib(error086.asm)
0000:abf4      __doserror_
0000:ac02*     __doserror1_
Module: C:\Dev\WATCOM\lib286\dos\clibl.lib(finddos.c)
0000:ac0e      _dos_findfirst_
0000:ac41*     _dos_findnext_
0000:ac54*     _dos_findclose_
Module: C:\Dev\WATCOM\lib286\dos\clibl.lib(cenvarg.c)
0000:ac71      __cenvarg_
0000:ae90      __ccmdline_
Module: C:\Dev\WATCOM\lib286\dos\clibl.lib(dospawn)
0000:af21      ___dospawn
Module: C:\Dev\WATCOM\lib286\dos\clibl.lib(execaddr.c)
0000:b009      __execaddr_
0b7f:082a+     ___Exec_addr
Module: C:\Dev\WATCOM\lib286\dos\clibl.lib(stack086.c)
0000:b016      stackavail_
Module: C:\Dev\WATCOM\lib286\dos\clibl.lib(split2.c)
0000:b0a4      _splitpath2_
Module: C:\Dev\WATCOM\lib286\dos\clibl.lib(mem086.asm)
0000:b256      _dos_allocmem_
0000:b278      _dos_freemem_
0000:b286*     _dos_setblock_
Module: C:\Dev\WATCOM\lib286\dos\clibl.lib(makepath.c)
0000:b2b9      _makepath_
Module: C:\Dev\WATCOM\lib286\dos\clibl.lib(stricmp.c)
0000:b506      stricmp_
Module: C:\Dev\WATCOM\lib286\dos\clibl.lib(spl.c)
0000:b543      spawnl_
Module: C:\Dev\WATCOM\lib286\dos\clibl.lib(strcpy.c)
0000:b56e      strcpy_
Module: C:\Dev\WATCOM\lib286\dos\clibl.lib(mbsnccnt.c)
0000:b5b9      _mbsnccnt_
Module: C:\Dev\WATCOM\lib286\dos\clibl.lib(mbsncpy.c)
0000:b5ed      _mbsncpy_
Module: C:\Dev\WATCOM\lib286\dos\clibl.lib(mbsnbcnt.c)
0000:b623      _mbsnbcnt_
Module: C:\Dev\WATCOM\lib286\dos\clibl.lib(mbconv.c)
0000:b69c      _mbvtop_
Module: C:\Dev\WATCOM\lib286\dos\clibl.lib(mbclen.c)
0000:b6b1      _mbclen_
Module: C:\Dev\WATCOM\lib286\dos\clibl.lib(mbsdec.c)
0000:b6df      _mbsdec_
Module: C:\Dev\WATCOM\lib286\dos\clibl.lib(mbsnbcpy.c)
0000:b76c      _mbsnbcpy_


                        +--------------------+
                        |   Libraries Used   |
                        +--------------------+

C:\Dev\WATCOM\lib286\dos\emu87.lib
C:\Dev\WATCOM\lib286\math87l.lib
C:\Dev\WATCOM\lib286\dos\clibl.lib


                        +-----------------------+
                        |   Linker Statistics   |
                        +-----------------------+

Stack size:  0800 (2048.)
Memory size:  00013bd0 (80848.)
Entry point address: 0000:1b8c
Link time: 00:00.06
