Open Watcom Linker Version 2.0 beta Jul 30 2020 00:30:17 (64-bit)
Copyright (c) 2002-2020 The Open Watcom Contributors. All Rights Reserved.
Portions Copyright (c) 1985-2002 Sybase, Inc. All Rights Reserved.
Created on:       20/10/06 15:29:06
Warning! W1027: file GFX_BITMAP.obj(C:\Dev\C\DOSENG\GFX_BITMAP.C): redefinition of _drawTarget ignored
Warning! W1027: file GFX_BITMAP.obj(C:\Dev\C\DOSENG\GFX_BITMAP.C): redefinition of _offScreen ignored
Warning! W1027: file GFX_BITMAP.obj(C:\Dev\C\DOSENG\GFX_BITMAP.C): redefinition of _screen ignored
Warning! W1027: file GFX_SPRITE.obj(C:\Dev\C\DOSENG\GFX_SPRITE.C): redefinition of _drawTarget ignored
Warning! W1027: file GFX_SPRITE.obj(C:\Dev\C\DOSENG\GFX_SPRITE.C): redefinition of _offScreen ignored
Warning! W1027: file GFX_SPRITE.obj(C:\Dev\C\DOSENG\GFX_SPRITE.C): redefinition of _screen ignored
Warning! W1027: file MAIN.obj(C:\Dev\C\DOSENG\MAIN.C): redefinition of _SinTable ignored
Warning! W1027: file MAIN.obj(C:\Dev\C\DOSENG\MAIN.C): redefinition of _CosTable ignored
Warning! W1027: file MAIN.obj(C:\Dev\C\DOSENG\MAIN.C): redefinition of _SinAcosTable ignored
Warning! W1027: file MAIN.obj(C:\Dev\C\DOSENG\MAIN.C): redefinition of _SinCosTable ignored
Warning! W1027: file MAIN.obj(C:\Dev\C\DOSENG\MAIN.C): redefinition of _drawTarget ignored
Warning! W1027: file MAIN.obj(C:\Dev\C\DOSENG\MAIN.C): redefinition of _offScreen ignored
Warning! W1027: file MAIN.obj(C:\Dev\C\DOSENG\MAIN.C): redefinition of _screen ignored
Warning! W1027: file MATH.obj(C:\Dev\C\DOSENG\MATH.C): redefinition of _SinTable ignored
Warning! W1027: file MATH.obj(C:\Dev\C\DOSENG\MATH.C): redefinition of _CosTable ignored
Warning! W1027: file MATH.obj(C:\Dev\C\DOSENG\MATH.C): redefinition of _SinAcosTable ignored
Warning! W1027: file MATH.obj(C:\Dev\C\DOSENG\MATH.C): redefinition of _SinCosTable ignored
Warning! W1027: file VIDEO.obj(C:\Dev\C\DOSENG\VIDEO.C): redefinition of _drawTarget ignored
Warning! W1027: file VIDEO.obj(C:\Dev\C\DOSENG\VIDEO.C): redefinition of _offScreen ignored
Warning! W1027: file VIDEO.obj(C:\Dev\C\DOSENG\VIDEO.C): redefinition of _screen ignored
Executable Image: DOSENG.exe
creating a DOS executable


                        +------------+
                        |   Groups   |
                        +------------+

Group                           Address              Size
=====                           =======              ====

DGROUP                          0d39:0000            00006860



                        +--------------+
                        |   Segments   |
                        +--------------+

Segment                Class          Group          Address         Size
=======                =====          =====          =======         ====

GFX_BASIC_TEXT         CODE           AUTO           0000:0000       000012eb
GFX_BITMAP_TEXT        CODE           AUTO           0000:12eb       0000047e
GFX_SPRITE_TEXT        CODE           AUTO           0000:1769       000000cd
INPUT_TEXT             CODE           AUTO           0000:1836       00000000
MAIN_TEXT              CODE           AUTO           0000:1836       00000322
MATH_TEXT              CODE           AUTO           0000:1b58       00000303
TEXT_TEXT              CODE           AUTO           0000:1e5b       0000010b
VIDEO_TEXT             CODE           AUTO           0000:1f66       0000013a
_TEXT                  CODE           AUTO           0000:20a0       0000b2e9
FAR_DATA               FAR_DATA       AUTO           0d38:0009       00000000
_NULL                  BEGDATA        DGROUP         0d39:0000       00000020
_AFTERNULL             BEGDATA        DGROUP         0d3b:0000       00000002
CONST                  DATA           DGROUP         0d3b:0002       000002ec
CONST2                 DATA           DGROUP         0d69:000e       0000015c
_DATA                  DATA           DGROUP         0d7f:000a       00000432
XIB                    DATA           DGROUP         0dc2:000c       00000000
XI                     DATA           DGROUP         0dc2:000c       0000003c
XIE                    DATA           DGROUP         0dc6:0008       00000000
YIB                    DATA           DGROUP         0dc6:0008       00000000
YI                     DATA           DGROUP         0dc6:0008       00000018
YIE                    DATA           DGROUP         0dc8:0000       00000000
STRINGS                DATA           DGROUP         0dc8:0000       00000000
DATA                   DATA           DGROUP         0dc8:0000       00000000
_emu_init_start        EMU            DGROUP         0dc8:0000       00000000
_emu_init_end          EMU            DGROUP         0dc8:0000       00000000
_BSS                   BSS            DGROUP         0dc8:0000       0000576c
STACK                  STACK          DGROUP         133f:0000       00000800


                        +----------------+
                        |   Memory Map   |
                        +----------------+

* = unreferenced symbol
+ = symbol only referenced locally

Address        Symbol
=======        ======

Module: GFX_BASIC.obj(C:\Dev\C\DOSENG\GFX_BASIC.C)
0000:0000      setPixel_
0000:0072+     setPixelsAll_
0000:00ab+     setPixelsHorizontally_
0000:0150+     setPixelsVertically_
0000:01fa+     setPixelsDiagonally_
0000:02a5+     setPixelsSlope_
0000:04cb+     drawPixel_
0000:04fc      drawFill_
0000:0525      drawLine_
0000:056c+     drawLines_
0000:05f0      drawPolygon_
0000:069d+     drawBoxFill_
0000:06e8+     drawBoxFillCenter_
0000:075a+     drawBoxFrame_
0000:07c9+     drawBoxFrameCenter_
0000:083b      drawCircleFrame_
0000:0a0e      drawCircleFill_
0000:0ba9      drawCircleThick_
0000:0f75+     orient2D_
0000:0fdc      drawTriangleFill_
0d39:046a      _SinTable
0d39:046e      _CosTable
0d39:08f0      _SinAcosTable
0d39:10f0      _SinCosTable
0d39:24f0      _drawTarget
0d39:24f4      _offScreen
0d39:24f8      _screen
Module: GFX_BITMAP.obj(C:\Dev\C\DOSENG\GFX_BITMAP.C)
0000:12eb+     fskip_
0000:1336+     loadBitmap_
0000:1675+     setPalette_
0000:16cd+     setPixelsFromBitmap_
Module: GFX_SPRITE.obj(C:\Dev\C\DOSENG\GFX_SPRITE.C)
0000:1769+     blitSprite_
Module: MAIN.obj(C:\Dev\C\DOSENG\MAIN.C)
0000:1836      main_
Module: MATH.obj(C:\Dev\C\DOSENG\MATH.C)
0000:1b58      initTrigTables_
0000:1c51      sinAngle_
0000:1d56      cosAngle_
Module: TEXT.obj(C:\Dev\C\DOSENG\TEXT.C)
0000:1e5b+     setTextPosition_
0000:1e99+     setTextColor_
0000:1ed5      putText_
0000:1f27      resetText_
Module: VIDEO.obj(C:\Dev\C\DOSENG\VIDEO.C)
0000:1f66      setVideo_
0000:1fac      initVideo_
0000:2045      updateBuffer_
Module: C:\Dev\WATCOM\lib286\dos\clibl.lib(stk086.asm)
0000:20a5      __STK
0000:20c5*     __STKOVERFLOW_
Module: C:\Dev\WATCOM\lib286\dos\clibl.lib(fmemset.c)
0000:20e2      _fmemset_
Module: C:\Dev\WATCOM\lib286\dos\clibl.lib(abs.c)
0000:20f9      abs_
Module: C:\Dev\WATCOM\lib286\dos\emu87.lib(initemu.asm)
0000:8000      FJSRQQ
0000:0632      FISRQQ
0000:1632*     FIERQQ
0000:5c32      FIDRQQ
0000:a23d      FIWRQQ
0000:c000      FJCRQQ
0000:4000*     FJARQQ
0000:0e32      FICRQQ
0000:fe32*     FIARQQ
0000:213a      __init_87_emulator
0000:21cd*     __fini_87_emulator
Module: C:\Dev\WATCOM\lib286\math87l.lib(fchop87.asm)
0000:2244      __CHP
Module: C:\Dev\WATCOM\lib286\dos\clibl.lib(i8m086.asm)
0000:2287      __I8M
0000:2287*     __U8M
0000:226c*     __I8ME
0000:226c*     __U8ME
Module: C:\Dev\WATCOM\lib286\dos\clibl.lib(i8rs086.asm)
0000:23d2      __I8RS
Module: C:\Dev\WATCOM\lib286\dos\clibl.lib(cmodel.asm)
0000:23e2      _big_code_
0000:23e2*     CodeModelMismatch
Module: C:\Dev\WATCOM\lib286\dos\clibl.lib(_8087086.asm)
0d39:04ac      __8087
0d39:04ad      __real87
0d39:04ae      __dos87emucall
0d39:04b0      __dos87real
Module: C:\Dev\WATCOM\lib286\dos\clibl.lib(fgetc.c)
0000:23e2      __fill_buffer_
0000:24d7      fgetc_
Module: C:\Dev\WATCOM\lib286\dos\clibl.lib(fopen.c)
0000:2581+     __open_flags_
0000:2783+     _fsopen_
0000:27e7      fopen_
0000:28bf*     freopen_
Module: C:\Dev\WATCOM\lib286\dos\clibl.lib(printf.c)
0000:292c      printf_
Module: C:\Dev\WATCOM\lib286\dos\clibl.lib(exit.c)
0000:295b+     __null_int23_exit_
0000:295c      exit_
0000:2974*     _exit_
0d39:04b2+     ___int23_exit
0d39:04b6      ___FPE_handler_exit
Module: C:\Dev\WATCOM\lib286\dos\clibl.lib(fclose.c)
0000:298f      __doclose_
0000:2a53      __shutdown_stream_
0000:2a6d      fclose_
0d39:5d2c+     ___RmTmpFileFn
Module: C:\Dev\WATCOM\lib286\dos\clibl.lib(fread.c)
0000:2ab8      fread_
Module: C:\Dev\WATCOM\lib286\dos\clibl.lib(nmalloc.c)
0000:2cae      _nmalloc_
0d39:04ba      ___nheapbeg
0d39:04bc      ___MiniHeapRover
0d39:04be      ___LargestSizeB4MiniHeapRover
Module: C:\Dev\WATCOM\lib286\dos\clibl.lib(outp.c)
0000:2d85      outp_
Module: C:\Dev\WATCOM\lib286\dos\clibl.lib(memcpy.c)
0000:2d8f      memcpy_
Module: C:\Dev\WATCOM\lib286\dos\clibl.lib(kbhit.c)
0000:2db1      kbhit_
Module: C:\Dev\WATCOM\lib286\dos\clibl.lib(getch.c)
0000:2dcc      getch_
Module: C:\Dev\WATCOM\lib286\dos\clibl.lib(ffree.c)
0000:2de6      _ffree_
0000:2de6      free_
Module: C:\Dev\WATCOM\lib286\dos\clibl.lib(cstart)
0d39:0000*     __nullarea
0d39:04c0*     __ovlflag
0d39:04c1*     __intno
0d39:04c2*     __ovlvec
0000:2e2e      _cstart_
0000:2fdf      __exit_
0000:2ffc      __do_exit_with_msg_
0000:30db      __GETDS
Module: C:\Dev\WATCOM\lib286\math87l.lib(trig87.asm)
0000:321b      sin_
0000:320c*     cos_
0000:32de*     tan_
0000:3114*     IF@COS
0000:3114*     IF@DCOS
0000:312d*     IF@SIN
0000:312d*     IF@DSIN
0000:322a*     IF@TAN
0000:322a*     IF@DTAN
Module: C:\Dev\WATCOM\lib286\math87l.lib(sqrt87.asm)
0000:32ee      sqrt_
0000:332c*     IF@SQRT
0000:332c*     IF@DSQRT
0000:332e*     __@DSQRT
Module: C:\Dev\WATCOM\lib286\dos\clibl.lib(i8d086.asm)
0000:366f*     __U8DQ
0000:3685*     __U8DR
0000:369b      __I8DQ
0000:36b7*     __I8DR
0000:36cd*     __U8DQE
0000:36e3*     __U8DRE
0000:36f9*     __I8DQE
0000:370f*     __I8DRE
Module: C:\Dev\WATCOM\lib286\dos\clibl.lib(fltused.c)
0d39:04c6      _fltused_
Module: C:\Dev\WATCOM\lib286\dos\clibl.lib(system.c)
0000:3725      system_
Module: C:\Dev\WATCOM\lib286\dos\clibl.lib(intx086.c)
0000:37a0+     int86x_
0000:3841      int86_
Module: C:\Dev\WATCOM\lib286\dos\clibl.lib(fmalloc.c)
0000:386e      _fmalloc_
0000:386e      malloc_
0d39:04c8+     ___fheapbeg
0d39:04ca      ___fheapRover
0d39:04cc      ___LargestSizeB4Rover
Module: C:\Dev\WATCOM\lib286\dos\clibl.lib(inp.c)
0000:397e      inp_
Module: C:\Dev\WATCOM\lib286\dos\clibl.lib(fmemcpy.c)
0000:3986      _fmemcpy_
Module: C:\Dev\WATCOM\lib286\dos\clibl.lib(xmsg.c)
0000:39ab*     __exit_with_msg_
0000:39b0      __fatal_runtime_error_
Module: C:\Dev\WATCOM\lib286\dos\clibl.lib(crwdata)
0d39:04ce      __curbrk
0d39:04d6      __STACKLOW
0d39:04d8      __STACKTOP
0d39:04da      __cbyte
0d39:04dc      __child
0d39:04de      __no87
0d39:04eb      ___FPE_handler
0d39:04d0      __psp
0d39:04df      __get_ovl_stack
0d39:04e3      __restore_ovl_stack
0d39:04e7      __close_ovl_file
0d39:04ef      __LpCmdLine
0d39:04f3      __LpPgmName
0d39:04d2      __osmajor
0d39:04d3      __osminor
0d39:04d4      __osmode
0d39:04d5      __HShift
Module: C:\Dev\WATCOM\lib286\dos\clibl.lib(ini87086.asm)
0000:39ca      __init_8087_emu
0000:39d0      __x87id
Module: C:\Dev\WATCOM\lib286\dos\emu87.lib(emu8087.asm)
0000:3b43      __int34
0000:3b80      __int3c
Module: C:\Dev\WATCOM\lib286\dos\emu87.lib(dosinit.asm)
0000:64a6      ___dos87emucall
Module: C:\Dev\WATCOM\lib286\dos\clibl.lib(chk8087.c)
0000:64fe*     _fpreset_
0000:6529      __init_8087_
0000:65a8      __chk8087_
Module: C:\Dev\WATCOM\lib286\dos\clibl.lib(flushall.c)
0000:6618      __flushall_
0000:6675*     flushall_
Module: C:\Dev\WATCOM\lib286\dos\clibl.lib(gtche.c)
0000:667a      getche_
Module: C:\Dev\WATCOM\lib286\dos\clibl.lib(ioalloc.c)
0000:6694      __ioalloc_
Module: C:\Dev\WATCOM\lib286\dos\clibl.lib(qread.c)
0000:672e      __qread_
Module: C:\Dev\WATCOM\lib286\dos\clibl.lib(errno.c)
0000:674e      __get_errno_ptr_
0d39:5d30+     _errno
Module: C:\Dev\WATCOM\lib286\dos\clibl.lib(comtflag.c)
0000:6755*     __set_commode_
0d39:0580      __commode
Module: C:\Dev\WATCOM\lib286\dos\clibl.lib(textmode.c)
0d39:0582      __fmode
Module: C:\Dev\WATCOM\lib286\dos\clibl.lib(tolower.c)
0000:6761      tolower_
Module: C:\Dev\WATCOM\lib286\dos\clibl.lib(open.c)
0000:6980*     open_
0000:69b7      sopen_
Module: C:\Dev\WATCOM\lib286\dos\clibl.lib(fseek.c)
0000:6a4f      fseek_
Module: C:\Dev\WATCOM\lib286\dos\clibl.lib(chktty.c)
0000:6bb7      __chktty_
Module: C:\Dev\WATCOM\lib286\dos\clibl.lib(freefp.c)
0000:6be2      __freefp_
0000:6c57      __purgefp_
Module: C:\Dev\WATCOM\lib286\dos\clibl.lib(allocfp.c)
0000:6c93      __allocfp_
Module: C:\Dev\WATCOM\lib286\dos\clibl.lib(iob.c)
0d39:0584      ___iob
0d39:5d32      ___OpenStreams
0d39:5d36      ___ClosedStreams
Module: C:\Dev\WATCOM\lib286\dos\clibl.lib(fprtf.c)
0000:6dc5      __fprtf_
Module: C:\Dev\WATCOM\lib286\dos\clibl.lib(initrtns.c)
0000:6ec2      __InitRtns
0000:6ec2*     __FInitRtns
0000:6f19      __FiniRtns
0000:6f19*     __FFiniRtns
Module: C:\Dev\WATCOM\lib286\dos\clibl.lib(__lseek.c)
0000:6f79      __lseek_
Module: C:\Dev\WATCOM\lib286\dos\clibl.lib(_clse.c)
0000:6fb3      __close_
Module: C:\Dev\WATCOM\lib286\dos\clibl.lib(flush.c)
0000:6feb      __flush_
Module: C:\Dev\WATCOM\lib286\dos\clibl.lib(mem.c)
0000:7130      __MemAllocator
0000:71f6      __MemFree
Module: C:\Dev\WATCOM\lib286\dos\clibl.lib(nmemneed.c)
0000:736d      __nmemneed_
Module: C:\Dev\WATCOM\lib286\dos\clibl.lib(grownear.c)
0000:73ef      __LastFree_
0000:7467      __ExpandDGROUP_
Module: C:\Dev\WATCOM\lib286\dos\clibl.lib(nfree.c)
0000:756c      _nfree_
0d39:5d3a+     ___MiniHeapFreeRover
Module: C:\Dev\WATCOM\lib286\dos\clibl.lib(cmain086.c)
0000:7669      __CMain
Module: C:\Dev\WATCOM\lib286\dos\clibl.lib(uselfn.c)
0d39:06ec      ___uselfn
Module: C:\Dev\WATCOM\lib286\dos\clibl.lib(dosseg)
0000:768a      __DOSseg__
Module: C:\Dev\WATCOM\lib286\dos\clibl.lib(chipvar)
0d39:06ee      ___chipbug
0d39:06ee      __chipbug
Module: C:\Dev\WATCOM\lib286\dos\clibl.lib(chipt16.asm)
0000:76a4      __fptan_chk
Module: C:\Dev\WATCOM\lib286\math87l.lib(math87e.c)
0000:7745      __math87_err_
Module: C:\Dev\WATCOM\lib286\dos\clibl.lib(setefg.c)
0000:77d5      __setEFGfmt_
Module: C:\Dev\WATCOM\lib286\dos\clibl.lib(getenv.c)
0000:77f3      getenv_
Module: C:\Dev\WATCOM\lib286\dos\clibl.lib(_slashc.c)
0000:78c2      __Slash_C_
Module: C:\Dev\WATCOM\lib286\dos\clibl.lib(splp.c)
0000:78e5      spawnlp_
Module: C:\Dev\WATCOM\lib286\dos\clibl.lib(dointr)
0000:7904      _DoINTR_
Module: C:\Dev\WATCOM\lib286\dos\clibl.lib(segread.c)
0000:7c79      segread_
Module: C:\Dev\WATCOM\lib286\dos\clibl.lib(growseg.c)
0000:7c99      __GrowSeg_
Module: C:\Dev\WATCOM\lib286\dos\clibl.lib(allocseg.c)
0000:7d68      __AllocSeg_
Module: C:\Dev\WATCOM\lib286\dos\clibl.lib(fmemneed.c)
0000:7e07      __fmemneed_
Module: C:\Dev\WATCOM\lib286\dos\clibl.lib(heapgrow.c)
0000:7e0a*     _heapgrow_
0000:7e0a*     _fheapgrow_
0000:7e0b      _nheapgrow_
Module: C:\Dev\WATCOM\lib286\dos\clibl.lib(enterdb.c)
0000:7e82      __EnterWVIDEO_
0d39:06f2+     ___WD_Present
Module: C:\Dev\WATCOM\lib286\dos\clibl.lib(8087cw.c)
0d39:06f4      __8087cw
Module: C:\Dev\WATCOM\lib286\dos\clibl.lib(fpexcept.c)
0000:7ea6      __FPE_exception_
Module: C:\Dev\WATCOM\lib286\dos\clibl.lib(save8087.c)
0d39:06f6      ___Save8087
0d39:06fa      ___Rest8087
Module: C:\Dev\WATCOM\lib286\dos\clibl.lib(grabfp87.c)
0000:7eb3      __GrabFP87_
Module: C:\Dev\WATCOM\lib286\dos\clibl.lib(dosret.c)
0000:7ee5      __dosretax
0000:7eea*     __dosret0
0000:7ef1      __set_errno_dos_
0000:7f7d*     __set_errno_dos_reterr_
Module: C:\Dev\WATCOM\lib286\dos\clibl.lib(opendos.c)
0000:7f88      _dos_open_
Module: C:\Dev\WATCOM\lib286\dos\clibl.lib(iomode.c)
0000:7fae      __GetIOMode_
0000:7fd3      __SetIOMode_nogrow_
0d39:0712      ___NFiles
0d39:0714      ___init_mode
0d39:073c      ___io_mode
Module: C:\Dev\WATCOM\lib286\dos\clibl.lib(isatt.c)
0000:7ff6      isatty_
Module: C:\Dev\WATCOM\lib286\dos\clibl.lib(doserrno.c)
0000:8012      __get_doserrno_ptr_
0d39:5d3c+     __doserrno
Module: C:\Dev\WATCOM\lib286\dos\clibl.lib(umaskval.c)
0d39:0740      ___umaskval
Module: C:\Dev\WATCOM\lib286\dos\clibl.lib(creatdos.c)
0000:8019      _dos_creat_
0000:803d*     _dos_creatnew_
Module: C:\Dev\WATCOM\lib286\dos\clibl.lib(stiomode.c)
0000:805e+     __grow_iomode_
0000:8124+     __shrink_iomode_
0000:815f      __SetIOMode_
Module: C:\Dev\WATCOM\lib286\dos\clibl.lib(lseek.c)
0000:81c2      lseek_
Module: C:\Dev\WATCOM\lib286\dos\clibl.lib(tell.c)
0000:81f3      tell_
Module: C:\Dev\WATCOM\lib286\dos\clibl.lib(initfile.c)
0000:8204      __InitFiles_
Module: C:\Dev\WATCOM\lib286\dos\clibl.lib(ioexit.c)
0000:835f*     fcloseall_
0000:8366      __full_io_exit_
Module: C:\Dev\WATCOM\lib286\dos\clibl.lib(fputc.c)
0000:8370      fputc_
Module: C:\Dev\WATCOM\lib286\dos\clibl.lib(prtf.c)
0000:8f96      __prtf_
Module: C:\Dev\WATCOM\lib286\dos\clibl.lib(sgdef086)
0d39:089c      __Start_XI
0d39:08d8      __End_XI
0d39:08d8      __Start_YI
0d39:08f0      __End_YI
Module: C:\Dev\WATCOM\lib286\dos\clibl.lib(qwrit.c)
0000:9220      __qwrite_
Module: C:\Dev\WATCOM\lib286\dos\clibl.lib(fsync.c)
0000:9282      fsync_
Module: C:\Dev\WATCOM\lib286\dos\clibl.lib(amblksiz.c)
0d39:0742      __amblksiz
Module: C:\Dev\WATCOM\lib286\dos\clibl.lib(heapen.c)
0000:9287*     _heapenable_
0d39:0744      ___heap_enabled
Module: C:\Dev\WATCOM\lib286\dos\clibl.lib(sbrk.c)
0000:9298      __brk_
0000:92fd*     sbrk_
Module: C:\Dev\WATCOM\lib286\dos\clibl.lib(___argc.c)
0d39:5d40      ____Argv
0d39:5d44      ____Argc
Module: C:\Dev\WATCOM\lib286\dos\clibl.lib(chipbug.c)
0000:9315      __verify_pentium_fdiv_bug_
Module: C:\Dev\WATCOM\lib286\math87l.lib(math2err.c)
0000:9382      __math1err_
0000:938f+     __math2err_
Module: C:\Dev\WATCOM\lib286\dos\clibl.lib(noefgfmt.c)
0d39:0746      ___EFG_printf
0d39:074a      ___EFG_scanf
Module: C:\Dev\WATCOM\lib286\math87l.lib(efgfmt.c)
0000:94f0      _EFG_Format_
Module: C:\Dev\WATCOM\lib286\math87l.lib(cnvs2d.c)
0000:9686      __cnvs2d_
Module: C:\Dev\WATCOM\lib286\dos\clibl.lib(environ.c)
0d39:5d46      ___env_mask
0d39:5d4a*     __wenviron
0d39:5d4e      _environ
Module: C:\Dev\WATCOM\lib286\dos\clibl.lib(mbterm.c)
0000:96a5      _mbterm_
Module: C:\Dev\WATCOM\lib286\dos\clibl.lib(mbsnextc.c)
0000:96e7      _mbsnextc_
Module: C:\Dev\WATCOM\lib286\dos\clibl.lib(mbcupper.c)
0000:9718      _mbctoupper_
Module: C:\Dev\WATCOM\lib286\dos\clibl.lib(mbsinc.c)
0000:973b      _mbsinc_
Module: C:\Dev\WATCOM\lib286\dos\clibl.lib(spvp.c)
0000:9777      spawnvp_
Module: C:\Dev\WATCOM\lib286\dos\clibl.lib(fpe87.asm)
0000:979c      __Init_FPE_handler_
0000:97d5      __Fini_FPE_handler_
0000:980c*     __FPEHandler
Module: C:\Dev\WATCOM\lib286\dos\clibl.lib(error086.asm)
0000:9a9e      __doserror_
0000:9aac*     __doserror1_
Module: C:\Dev\WATCOM\lib286\dos\clibl.lib(frealloc.c)
0000:9ab8*     _frealloc_
0000:9ab8      realloc_
Module: C:\Dev\WATCOM\lib286\dos\clibl.lib(iomodtty.c)
0000:9b90      __ChkTTYIOMode_
0000:9bce*     __IOMode_
Module: C:\Dev\WATCOM\lib286\dos\clibl.lib(wctomb.c)
0000:9bde      wctomb_
Module: C:\Dev\WATCOM\lib286\dos\clibl.lib(itoa.c)
0000:9c07+     utoa_
0000:9c64      itoa_
Module: C:\Dev\WATCOM\lib286\dos\clibl.lib(i4m.asm)
0000:9c88      __I4M
0000:9c88      __U4M
Module: C:\Dev\WATCOM\lib286\dos\clibl.lib(strupr.c)
0000:9ca0      strupr_
Module: C:\Dev\WATCOM\lib286\dos\clibl.lib(mbisdbcs.c)
0d39:0764      ___IsDBCS
Module: C:\Dev\WATCOM\lib286\dos\clibl.lib(mbislead.c)
0000:9cc2*     _ismbblead_
0d39:5f56      ___MBCSIsTable
Module: C:\Dev\WATCOM\lib286\dos\clibl.lib(lltoa.c)
0000:9cde      ulltoa_
0000:9dc2*     lltoa_
Module: C:\Dev\WATCOM\lib286\dos\clibl.lib(ltoa.c)
0000:9e24      ultoa_
0000:9e93*     ltoa_
Module: C:\Dev\WATCOM\lib286\dos\clibl.lib(filedos.c)
0000:9ec2*     _dos_close_
0000:9ed0      _dos_commit_
Module: C:\Dev\WATCOM\lib286\math87l.lib(_matherr.c)
0000:9edf*     _set_matherr_
0000:9eee+     __rterrmsg_
0000:9f54      __rtmathfuncname_
0000:9f6a*     _matherr_
0000:9fd3+     __reporterrorsimple_
0000:a04b      __reporterror_
Module: C:\Dev\WATCOM\lib286\dos\clibl.lib(hugeval.c)
0d39:032a      __HugeValue
Module: C:\Dev\WATCOM\lib286\dos\clibl.lib(rtcntrl.c)
0000:a0e5*     _SetLD64bit_
0000:a0f0*     _SetLD80bit_
0000:a0fb      _LDisDouble_
Module: C:\Dev\WATCOM\lib286\math87l.lib(ldcvt.c)
0000:a227      _LDScale10x_
0000:a78a+     __cvtld_
0000:acc0      __LDcvt_
Module: C:\Dev\WATCOM\lib286\math87l.lib(strtod.c)
0000:b278+     __Strtold_
0000:b42a      strtod_
Module: C:\Dev\WATCOM\lib286\dos\clibl.lib(setenvp.c)
0000:b5ea      __setenvp_
0000:b6ed      __freeenvp_
Module: C:\Dev\WATCOM\lib286\dos\clibl.lib(mbinit.c)
0000:b7b0      __mbinit_
0d39:0858      ___MBCodePage
Module: C:\Dev\WATCOM\lib286\dos\clibl.lib(mbdtoupp.c)
0000:b825      _mbdtoupper_
Module: C:\Dev\WATCOM\lib286\dos\clibl.lib(toupper.c)
0000:b833      toupper_
Module: C:\Dev\WATCOM\lib286\dos\clibl.lib(spvpe.c)
0000:b841      spawnvpe_
Module: C:\Dev\WATCOM\lib286\dos\clibl.lib(fpeint.c)
0d39:085a      ___FPE_int
Module: C:\Dev\WATCOM\lib286\dos\clibl.lib(fmsize.c)
0000:b9d3*     _msize_
0000:b9d3      _fmsize_
Module: C:\Dev\WATCOM\lib286\dos\clibl.lib(nexpand.c)
0000:b9e4      _nexpand_
Module: C:\Dev\WATCOM\lib286\dos\clibl.lib(fexpand.c)
0000:ba34      _fexpand_
0000:ba34*     _expand_
Module: C:\Dev\WATCOM\lib286\dos\clibl.lib(alphabet.c)
0000:ba69      ___Alphabet
Module: C:\Dev\WATCOM\lib286\math87l.lib(matherr.c)
0000:ba8e      matherr_
Module: C:\Dev\WATCOM\lib286\dos\clibl.lib(iobaddr.c)
0000:ba91      __get_std_stream_
0000:ba91*     __get_std_file_
Module: C:\Dev\WATCOM\lib286\dos\clibl.lib(fputs.c)
0000:baaf      fputs_
Module: C:\Dev\WATCOM\lib286\dos\clibl.lib(seterrno.c)
0000:bb4e      __set_EDOM_
0000:bb60      __set_ERANGE_
0000:bb72*     __set_EINVAL_
Module: C:\Dev\WATCOM\lib286\math87l.lib(mathint.c)
0d39:085c*     _signgam
0d39:085e      ___math_errhandling_flag
Module: C:\Dev\WATCOM\lib286\dos\clibl.lib(fenv.c)
0000:bb87*     feclearexcept_
0000:bbb0+     fegetexceptflag_
0000:bbd7      feraiseexcept_
0000:bbfe*     feenableexcept_
0000:bc25*     fedisableexcept_
0000:bc4a*     fesetexceptflag_
0000:bc7b*     fetestexcept_
0000:bc97*     fegetround_
0000:bcb4*     fesetround_
0000:bcf6*     fegetenv_
0000:bd02*     feholdexcept_
0000:bd2e*     fesetenv_
0000:bd38*     feupdateenv_
0d39:0332*     ___fenv_h_default_environment
Module: C:\Dev\WATCOM\lib286\math87l.lib(ldclass.c)
0000:bd5e      __LDClass_
0000:bdac*     _FLClass_
Module: C:\Dev\WATCOM\lib286\dos\clibl.lib(i4d.asm)
0000:bdc0      __I4D
0000:be0f*     __U4D
Module: C:\Dev\WATCOM\lib286\dos\clibl.lib(istable.c)
0d39:0340      __IsTable
Module: C:\Dev\WATCOM\lib286\math87l.lib(bufld086.asm)
0000:be94      __ZBuf2LD
Module: C:\Dev\WATCOM\lib286\math87l.lib(inf_nan.c)
0d39:0442*     ___f_infinity
0d39:0446*     ___f_posqnan
0d39:044a      ___d_infinity
0d39:0452      ___d_posqnan
0d39:045a*     ___ld_infinity
0d39:0462*     ___ld_posqnan
Module: C:\Dev\WATCOM\lib286\dos\clibl.lib(clearenv.c)
0000:bf5c      clearenv_
Module: C:\Dev\WATCOM\lib286\dos\clibl.lib(getltdos.c)
0000:c03e      dos_get_dbcs_lead_table_
Module: C:\Dev\WATCOM\lib286\dos\clibl.lib(getcpdos.c)
0000:c067      dos_get_code_page_
Module: C:\Dev\WATCOM\lib286\dos\clibl.lib(spve.c)
0000:c0d7      spawnve_
Module: C:\Dev\WATCOM\lib286\dos\clibl.lib(strlen.c)
0000:c581      strlen_
Module: C:\Dev\WATCOM\lib286\dos\clibl.lib(strchr.c)
0000:c596      strchr_
Module: C:\Dev\WATCOM\lib286\dos\clibl.lib(_expand.c)
0000:c5b5      __HeapManager_expand_
Module: C:\Dev\WATCOM\lib286\dos\clibl.lib(bexpand.c)
0000:c735      _bexpand_
Module: C:\Dev\WATCOM\lib286\dos\clibl.lib(finddos.c)
0000:c78e      _dos_findfirst_
0000:c7c1*     _dos_findnext_
0000:c7d4*     _dos_findclose_
Module: C:\Dev\WATCOM\lib286\dos\clibl.lib(cenvarg.c)
0000:c7f1      __cenvarg_
0000:ca10      __ccmdline_
Module: C:\Dev\WATCOM\lib286\dos\clibl.lib(dospawn)
0000:caa1      ___dospawn
Module: C:\Dev\WATCOM\lib286\dos\clibl.lib(execaddr.c)
0000:cb89      __execaddr_
0d39:0898+     ___Exec_addr
Module: C:\Dev\WATCOM\lib286\dos\clibl.lib(stack086.c)
0000:cb96      stackavail_
Module: C:\Dev\WATCOM\lib286\dos\clibl.lib(split2.c)
0000:cc24      _splitpath2_
Module: C:\Dev\WATCOM\lib286\dos\clibl.lib(mem086.asm)
0000:cdd6      _dos_allocmem_
0000:cdf8      _dos_freemem_
0000:ce06*     _dos_setblock_
Module: C:\Dev\WATCOM\lib286\dos\clibl.lib(makepath.c)
0000:ce39      _makepath_
Module: C:\Dev\WATCOM\lib286\dos\clibl.lib(stricmp.c)
0000:d086      stricmp_
Module: C:\Dev\WATCOM\lib286\dos\clibl.lib(spl.c)
0000:d0c3      spawnl_
Module: C:\Dev\WATCOM\lib286\dos\clibl.lib(strcpy.c)
0000:d0ee      strcpy_
Module: C:\Dev\WATCOM\lib286\dos\clibl.lib(bfree.c)
0000:d139      _bfree_
Module: C:\Dev\WATCOM\lib286\dos\clibl.lib(mbsnccnt.c)
0000:d15e      _mbsnccnt_
Module: C:\Dev\WATCOM\lib286\dos\clibl.lib(mbsncpy.c)
0000:d192      _mbsncpy_
Module: C:\Dev\WATCOM\lib286\dos\clibl.lib(mbsnbcnt.c)
0000:d1c8      _mbsnbcnt_
Module: C:\Dev\WATCOM\lib286\dos\clibl.lib(mbconv.c)
0000:d241      _mbvtop_
Module: C:\Dev\WATCOM\lib286\dos\clibl.lib(mbclen.c)
0000:d256      _mbclen_
Module: C:\Dev\WATCOM\lib286\dos\clibl.lib(mbsdec.c)
0000:d284      _mbsdec_
Module: C:\Dev\WATCOM\lib286\dos\clibl.lib(mbsnbcpy.c)
0000:d311      _mbsnbcpy_


                        +--------------------+
                        |   Libraries Used   |
                        +--------------------+

C:\Dev\WATCOM\lib286\dos\emu87.lib
C:\Dev\WATCOM\lib286\math87l.lib
C:\Dev\WATCOM\lib286\dos\clibl.lib


                        +-----------------------+
                        |   Linker Statistics   |
                        +-----------------------+

Stack size:  0800 (2048.)
Memory size:  00013bf0 (80880.)
Entry point address: 0000:2e2e
Link time: 00:00.06
